--------------------------------------------------------------------------------
Release 8.1i Trace I.24
Copyright (c) 1995-2005 Xilinx, Inc.  All rights reserved.

C:\Xilinx\bin\nt\trce.exe -ise SDRAM_test.ise -intstyle ise -e 3 -l 3 -s 5 -xml
test_board test_board.ncd -o test_board.twr test_board.pcf


Design file:              test_board.ncd
Physical constraint file: test_board.pcf
Device,speed:             xc3s200,-5 (PRODUCTION 1.37 2005-11-04)
Report level:             error report

Environment Variable      Effect 
--------------------      ------ 
NONE                      No environment variables were set
--------------------------------------------------------------------------------

INFO:Timing:2752 - To get complete path coverage, use the unconstrained paths
   option. All paths that are not constrained will be reported in the
   unconstrained paths section(s) of the report.

================================================================================
Timing constraint: TS_clk = PERIOD TIMEGRP "clk" 20 ns HIGH 50%;

 10984 items analyzed, 4 timing errors detected. (0 setup errors, 4 hold errors)
 Minimum period is   9.324ns.
--------------------------------------------------------------------------------
--------------------------------------------------------------------------------
Hold Violations: TS_clk = PERIOD TIMEGRP "clk" 20 ns HIGH 50%;
--------------------------------------------------------------------------------
Hold Violation:         -0.086ns (requirement - (clock path skew + uncertainty - data path))
  Source:               u0/slow_memtest/state_r_FFd2 (FF)
  Destination:          u0/count_27 (FF)
  Requirement:          0.000ns
  Data Path Delay:      4.757ns (Levels of Logic = 1)
  Positive Clock Path Skew: 4.843ns
  Source Clock:         u0/clk_i rising at 0.000ns
  Destination Clock:    clk_IBUFG rising at 20.000ns
  Clock Uncertainty:    0.000ns

  Data Path: u0/slow_memtest/state_r_FFd2 to u0/count_27
    Location             Delay type         Delay(ns)  Physical Resource
                                                       Logical Resource(s)
    -------------------------------------------------  -------------------
    SLICE_X24Y21.XQ      Tcko                  0.501   u0/slow_memtest/state_r_FFd2
                                                       u0/slow_memtest/state_r_FFd2
    SLICE_X26Y42.G1      net (fanout=22)       2.412   u0/slow_memtest/state_r_FFd2
    SLICE_X26Y42.Y       Tilo                  0.423   s_2_OBUF
                                                       u0/_n00051
    SLICE_X24Y43.CE      net (fanout=14)       1.421   u0/_n0005
    SLICE_X24Y43.CLK     Tckce       (-Th)     0.000   u0/count<26>
                                                       u0/count_27
    -------------------------------------------------  ---------------------------
    Total                                      4.757ns (0.924ns logic, 3.833ns route)
                                                       (19.4% logic, 80.6% route)

--------------------------------------------------------------------------------
Hold Violation:         -0.086ns (requirement - (clock path skew + uncertainty - data path))
  Source:               u0/slow_memtest/state_r_FFd2 (FF)
  Destination:          u0/count_26 (FF)
  Requirement:          0.000ns
  Data Path Delay:      4.757ns (Levels of Logic = 1)
  Positive Clock Path Skew: 4.843ns
  Source Clock:         u0/clk_i rising at 0.000ns
  Destination Clock:    clk_IBUFG rising at 20.000ns
  Clock Uncertainty:    0.000ns

  Data Path: u0/slow_memtest/state_r_FFd2 to u0/count_26
    Location             Delay type         Delay(ns)  Physical Resource
                                                       Logical Resource(s)
    -------------------------------------------------  -------------------
    SLICE_X24Y21.XQ      Tcko                  0.501   u0/slow_memtest/state_r_FFd2
                                                       u0/slow_memtest/state_r_FFd2
    SLICE_X26Y42.G1      net (fanout=22)       2.412   u0/slow_memtest/state_r_FFd2
    SLICE_X26Y42.Y       Tilo                  0.423   s_2_OBUF
                                                       u0/_n00051
    SLICE_X24Y43.CE      net (fanout=14)       1.421   u0/_n0005
    SLICE_X24Y43.CLK     Tckce       (-Th)     0.000   u0/count<26>
                                                       u0/count_26
    -------------------------------------------------  ---------------------------
    Total                                      4.757ns (0.924ns logic, 3.833ns route)
                                                       (19.4% logic, 80.6% route)

--------------------------------------------------------------------------------
Hold Violation:         -0.074ns (requirement - (clock path skew + uncertainty - data path))
  Source:               u0/slow_memtest/state_r_FFd2 (FF)
  Destination:          u0/count_24 (FF)
  Requirement:          0.000ns
  Data Path Delay:      4.769ns (Levels of Logic = 1)
  Positive Clock Path Skew: 4.843ns
  Source Clock:         u0/clk_i rising at 0.000ns
  Destination Clock:    clk_IBUFG rising at 20.000ns
  Clock Uncertainty:    0.000ns

  Data Path: u0/slow_memtest/state_r_FFd2 to u0/count_24
    Location             Delay type         Delay(ns)  Physical Resource
                                                       Logical Resource(s)
    -------------------------------------------------  -------------------
    SLICE_X24Y21.XQ      Tcko                  0.501   u0/slow_memtest/state_r_FFd2
                                                       u0/slow_memtest/state_r_FFd2
    SLICE_X26Y42.G1      net (fanout=22)       2.412   u0/slow_memtest/state_r_FFd2
    SLICE_X26Y42.Y       Tilo                  0.423   s_2_OBUF
                                                       u0/_n00051
    SLICE_X24Y42.CE      net (fanout=14)       1.433   u0/_n0005
    SLICE_X24Y42.CLK     Tckce       (-Th)     0.000   u0/count<24>
                                                       u0/count_24
    -------------------------------------------------  ---------------------------
    Total                                      4.769ns (0.924ns logic, 3.845ns route)
                                                       (19.4% logic, 80.6% route)

--------------------------------------------------------------------------------

================================================================================
Timing constraint: TS_u0_u1_int_clk1x = PERIOD TIMEGRP "u0_u1_int_clk1x" TS_clk HIGH 50%;

 9157 items analyzed, 0 timing errors detected. (0 setup errors, 0 hold errors)
 Minimum period is  11.446ns.
--------------------------------------------------------------------------------


1 constraint not met.


Data Sheet report:
-----------------
All values displayed in nanoseconds (ns)

Clock to Setup on destination clock clk
---------------+---------+---------+---------+---------+
               | Src:Rise| Src:Fall| Src:Rise| Src:Fall|
Source Clock   |Dest:Rise|Dest:Rise|Dest:Fall|Dest:Fall|
---------------+---------+---------+---------+---------+
clk            |   11.446|         |         |         |
---------------+---------+---------+---------+---------+


Timing summary:
---------------

Timing errors: 4  Score: 320

Constraints cover 20141 paths, 0 nets, and 1969 connections

Design statistics:
   Minimum period:  11.446ns (Maximum frequency:  87.367MHz)


Analysis completed Tue Jul 31 14:23:47 2007
--------------------------------------------------------------------------------



Peak Memory Usage: 106 MB
