--------------------------------------------------------------------------------
Release 8.1i Trace I.24
Copyright (c) 1995-2005 Xilinx, Inc.  All rights reserved.

C:\Xilinx\bin\nt\trce.exe -ise LCD.ise -intstyle ise -e 3 -l 3 -s 5 -xml LCD
LCD.ncd -o LCD.twr LCD.pcf


Design file:              lcd.ncd
Physical constraint file: lcd.pcf
Device,speed:             xc3s200,-5 (PRODUCTION 1.37 2005-11-04)
Report level:             error report

Environment Variable      Effect 
--------------------      ------ 
NONE                      No environment variables were set
--------------------------------------------------------------------------------

INFO:Timing:2698 - No timing constraints found, doing default enumeration.
INFO:Timing:2752 - To get complete path coverage, use the unconstrained paths
   option. All paths that are not constrained will be reported in the
   unconstrained paths section(s) of the report.


Data Sheet report:
-----------------
All values displayed in nanoseconds (ns)

Clock to Setup on destination clock clk_50MHz
---------------+---------+---------+---------+---------+
               | Src:Rise| Src:Fall| Src:Rise| Src:Fall|
Source Clock   |Dest:Rise|Dest:Rise|Dest:Fall|Dest:Fall|
---------------+---------+---------+---------+---------+
clk_50MHz      |    7.543|         |         |         |
---------------+---------+---------+---------+---------+

Analysis completed Thu Jul 12 08:32:33 2007
--------------------------------------------------------------------------------



Peak Memory Usage: 102 MB
