--------------------------------------------------------------------------------
Release 8.1i Trace I.24
Copyright (c) 1995-2005 Xilinx, Inc.  All rights reserved.

C:\Xilinx\bin\nt\trce.exe -ise VGA_RAM.ise -intstyle ise -e 3 -l 3 -s 5 -xml
VGA_RAM VGA_RAM.ncd -o VGA_RAM.twr VGA_RAM.pcf


Design file:              vga_ram.ncd
Physical constraint file: vga_ram.pcf
Device,speed:             xc3s200,-5 (PRODUCTION 1.37 2005-11-04)
Report level:             error report

Environment Variable      Effect 
--------------------      ------ 
NONE                      No environment variables were set
--------------------------------------------------------------------------------

INFO:Timing:2698 - No timing constraints found, doing default enumeration.
INFO:Timing:2752 - To get complete path coverage, use the unconstrained paths
   option. All paths that are not constrained will be reported in the
   unconstrained paths section(s) of the report.


Data Sheet report:
-----------------
All values displayed in nanoseconds (ns)

Setup/Hold to clock CLK_50MHz
------------+------------+------------+------------------+--------+
            |  Setup to  |  Hold to   |                  |  Clock |
Source      | clk (edge) | clk (edge) |Internal Clock(s) |  Phase |
------------+------------+------------+------------------+--------+
reset       |    2.905(R)|   -1.015(R)|CLK_50MHz_BUFGP   |   0.000|
------------+------------+------------+------------------+--------+

Clock CLK_50MHz to Pad
------------+------------+------------------+--------+
            | clk (edge) |                  |  Clock |
Destination | to PAD     |Internal Clock(s) |  Phase |
------------+------------+------------------+--------+
BLUE<0>     |   10.364(R)|CLK_50MHz_BUFGP   |   0.000|
BLUE<1>     |   10.361(R)|CLK_50MHz_BUFGP   |   0.000|
BLUE<2>     |   10.368(R)|CLK_50MHz_BUFGP   |   0.000|
GREEN<0>    |   10.063(R)|CLK_50MHz_BUFGP   |   0.000|
GREEN<1>    |   11.065(R)|CLK_50MHz_BUFGP   |   0.000|
GREEN<2>    |   10.357(R)|CLK_50MHz_BUFGP   |   0.000|
RED<0>      |    9.896(R)|CLK_50MHz_BUFGP   |   0.000|
RED<1>      |   10.058(R)|CLK_50MHz_BUFGP   |   0.000|
RED<2>      |   10.852(R)|CLK_50MHz_BUFGP   |   0.000|
------------+------------+------------------+--------+

Clock to Setup on destination clock CLK_50MHz
---------------+---------+---------+---------+---------+
               | Src:Rise| Src:Fall| Src:Rise| Src:Fall|
Source Clock   |Dest:Rise|Dest:Rise|Dest:Fall|Dest:Fall|
---------------+---------+---------+---------+---------+
CLK_50MHz      |    5.706|         |         |         |
---------------+---------+---------+---------+---------+

Analysis completed Fri Jul 13 16:15:25 2007
--------------------------------------------------------------------------------



Peak Memory Usage: 102 MB
