Release 8.1i Map I.24
Xilinx Mapping Report File for Design 'VGA'

Design Information
------------------
Command Line   : C:\Xilinx\bin\nt\map.exe -ise
C:/Andrzej_Okulicz_Praktykant_2007/EVBfpga_MMfpga12_testy/VGA/VGA.ise -intstyle
ise -p xc3s200-tq144-5 -cm area -pr b -k 4 -c 100 -o VGA_map.ncd VGA.ngd VGA.pcf
Target Device  : xc3s200
Target Package : tq144
Target Speed   : -5
Mapper Version : spartan3 -- $Revision: 1.34 $
Mapped Date    : Thu Jul 12 14:13:32 2007

Design Summary
--------------
Number of errors:      0
Number of warnings:    1
Logic Utilization:
  Number of Slice Flip Flops:          57 out of   3,840    1%
  Number of 4 input LUTs:             143 out of   3,840    3%
Logic Distribution:
  Number of occupied Slices:                          101 out of   1,920    5%
    Number of Slices containing only related logic:     101 out of     101  100%
    Number of Slices containing unrelated logic:          0 out of     101    0%
      *See NOTES below for an explanation of the effects of unrelated logic
Total Number 4 input LUTs:            193 out of   3,840    5%
  Number used as logic:                143
  Number used as a route-thru:          50
  Number of bonded IOBs:               22 out of      97   22%
    IOB Flip Flops:                     2
  Number of GCLKs:                     2 out of       8   25%

Total equivalent gate count for design:  1,663
Additional JTAG gate count for IOBs:  1,056
Peak Memory Usage:  130 MB

NOTES:

   Related logic is defined as being logic that shares connectivity - e.g. two
   LUTs are "related" if they share common inputs.  When assembling slices,
   Map gives priority to combine logic that is related.  Doing so results in
   the best timing performance.

   Unrelated logic shares no connectivity.  Map will only begin packing
   unrelated logic into a slice once 99% of the slices are occupied through
   related logic packing.

   Note that once logic distribution reaches the 99% level through related
   logic packing, this does not mean the device is completely utilized.
   Unrelated logic packing will then begin, continuing until all usable LUTs
   and FFs are occupied.  Depending on your timing budget, increased levels of
   unrelated logic packing may adversely affect the overall timing performance
   of your design.

Table of Contents
-----------------
Section 1 - Errors
Section 2 - Warnings
Section 3 - Informational
Section 4 - Removed Logic Summary
Section 5 - Removed Logic
Section 6 - IOB Properties
Section 7 - RPMs
Section 8 - Guide Report
Section 9 - Area Group Summary
Section 10 - Modular Design Summary
Section 11 - Timing Report
Section 12 - Configuration String Information
Section 13 - Additional Device Resource Counts

Section 1 - Errors
------------------

Section 2 - Warnings
--------------------
WARNING:LIT:176 - Clock buffer is designated to drive clock loads. BUFGMUX
   symbol "physical_group_licznik_clk/licznik_clk_BUFG" (output
   signal=licznik_clk) has a mix of clock and non-clock loads. The non-clock
   loads are:
   Pin D of licznik_clk

Section 3 - Informational
-------------------------
INFO:MapLib:562 - No environment variables are currently set.
INFO:MapLib:535 - The following Virtex BUFG(s) is/are being retargetted to
   Virtex2 BUFGMUX(s) with input tied to I0 and Select pin tied to constant 0:
   BUFGP symbol "CLK_50MHz_BUFGP" (output signal=CLK_50MHz_BUFGP),
   BUFG symbol "licznik_clk_BUFG" (output signal=licznik_clk)
INFO:LIT:244 - All of the single ended outputs in this design are using slew
   rate limited output drivers. The delay on speed critical single ended outputs
   can be dramatically reduced by designating them as fast outputs in the
   schematic.

Section 4 - Removed Logic Summary
---------------------------------
   2 block(s) optimized away

Section 5 - Removed Logic
-------------------------

Optimized Block(s):
TYPE 		BLOCK
GND 		XST_GND
VCC 		XST_VCC

To enable printing of redundant blocks removed and signals merged, set the
detailed map report option and rerun map.

Section 6 - IOB Properties
--------------------------

+------------------------------------------------------------------------------------------------------------------------+
| IOB Name                           | Type    | Direction | IO Standard | Drive    | Slew | Reg (s)  | Resistor | IOB   |
|                                    |         |           |             | Strength | Rate |          |          | Delay |
+------------------------------------------------------------------------------------------------------------------------+
| BLUE<0>                            | IOB     | OUTPUT    | LVCMOS25    | 12       | SLOW |          |          |       |
| BLUE<1>                            | IOB     | OUTPUT    | LVCMOS25    | 12       | SLOW |          |          |       |
| BLUE<2>                            | IOB     | OUTPUT    | LVCMOS25    | 12       | SLOW |          |          |       |
| CLK_50MHz                          | IOB     | INPUT     | LVCMOS25    |          |      |          |          |       |
| GREEN<0>                           | IOB     | OUTPUT    | LVCMOS25    | 12       | SLOW |          |          |       |
| GREEN<1>                           | IOB     | OUTPUT    | LVCMOS25    | 12       | SLOW |          |          |       |
| GREEN<2>                           | IOB     | OUTPUT    | LVCMOS25    | 12       | SLOW |          |          |       |
| HSYNC                              | IOB     | OUTPUT    | LVCMOS25    | 12       | SLOW | OFF1     |          |       |
| RED<0>                             | IOB     | OUTPUT    | LVCMOS25    | 12       | SLOW |          |          |       |
| RED<1>                             | IOB     | OUTPUT    | LVCMOS25    | 12       | SLOW |          |          |       |
| RED<2>                             | IOB     | OUTPUT    | LVCMOS25    | 12       | SLOW |          |          |       |
| SW<0>                              | IOB     | INPUT     | LVCMOS25    |          |      |          |          |       |
| SW<1>                              | IOB     | INPUT     | LVCMOS25    |          |      |          |          |       |
| SW_i<0>                            | IOB     | INPUT     | LVCMOS25    |          |      |          |          |       |
| SW_i<1>                            | IOB     | INPUT     | LVCMOS25    |          |      |          |          |       |
| SW_i<2>                            | IOB     | INPUT     | LVCMOS25    |          |      |          |          |       |
| SW_i<3>                            | IOB     | INPUT     | LVCMOS25    |          |      |          |          |       |
| SW_i<4>                            | IOB     | INPUT     | LVCMOS25    |          |      |          |          |       |
| SW_i<5>                            | IOB     | INPUT     | LVCMOS25    |          |      |          |          |       |
| SW_i<6>                            | IOB     | INPUT     | LVCMOS25    |          |      |          |          |       |
| VSYNC                              | IOB     | OUTPUT    | LVCMOS25    | 12       | SLOW | OFF1     |          |       |
| reset                              | IOB     | INPUT     | LVCMOS25    |          |      |          |          |       |
+------------------------------------------------------------------------------------------------------------------------+

Section 7 - RPMs
----------------

Section 8 - Guide Report
------------------------
Guide not run on this design.

Section 9 - Area Group Summary
------------------------------
No area groups were found in this design.

Section 10 - Modular Design Summary
-----------------------------------
Modular Design not used for this design.

Section 11 - Timing Report
--------------------------
This design was not run using timing mode.

Section 12 - Configuration String Details
--------------------------
Use the "-detail" map option to print out Configuration Strings

Section 13 - Additional Device Resource Counts
----------------------------------------------
Number of JTAG Gates for IOBs = 22
Number of Equivalent Gates for Design = 1,663
Number of RPM Macros = 0
Number of Hard Macros = 0
DCIRESETs = 0
CAPTUREs = 0
BSCANs = 0
STARTUPs = 0
DCMs = 0
GCLKs = 2
ICAPs = 0
18X18 Multipliers = 0
Block RAMs = 0
Total Registers (Flops & Latches in Slices & IOBs) not driven by LUTs = 4
IOB Dual-Rate Flops not driven by LUTs = 0
IOB Dual-Rate Flops = 0
IOB Slave Pads = 0
IOB Master Pads = 0
IOB Latches not driven by LUTs = 0
IOB Latches = 0
IOB Flip Flops not driven by LUTs = 0
IOB Flip Flops = 2
Unbonded IOBs = 0
Bonded IOBs = 22
XORs = 50
CARRY_INITs = 30
CARRY_SKIPs = 0
CARRY_MUXes = 57
Shift Registers = 0
Static Shift Registers = 0
Dynamic Shift Registers = 0
16x1 ROMs = 0
16x1 RAMs = 0
32x1 RAMs = 0
Dual Port RAMs = 0
MUXFs = 2
MULT_ANDs = 0
4 input LUTs used as Route-Thrus = 50
4 input LUTs = 143
Slice Latches not driven by LUTs = 0
Slice Latches = 0
Slice Flip Flops not driven by LUTs = 4
Slice Flip Flops = 57
SliceMs = 0
SliceLs = 101
Slices = 101
F6 Muxes = 0
F5 Muxes = 2
F8 Muxes = 0
F7 Muxes = 0
Number of LUT signals with 4 loads = 4
Number of LUT signals with 3 loads = 8
Number of LUT signals with 2 loads = 6
Number of LUT signals with 1 load = 119
NGM Average fanout of LUT = 1.53
NGM Maximum fanout of LUT = 10
NGM Average fanin for LUT = 3.1538
Number of LUT symbols = 143
