V3 3
FL C:/Andrzej_Okulicz_Praktykant_2007/EVBfpga_MMfpga12_testy/Test_1/Test_1.vhd 2007/07/11.08:19:42 I.24
EN work/Test_1 1184134865 \
      FL C:/Andrzej_Okulicz_Praktykant_2007/EVBfpga_MMfpga12_testy/Test_1/Test_1.vhd \
      PB ieee/std_logic_1164 1131108373 PB ieee/std_logic_arith 1131108375 \
      PB ieee/STD_LOGIC_UNSIGNED 1131108379
AR work/Test_1/Behavioral 1184134866 \
      FL C:/Andrzej_Okulicz_Praktykant_2007/EVBfpga_MMfpga12_testy/Test_1/Test_1.vhd \
      EN work/Test_1 1184134865
