V3 7
FL "C:/Andrzej_Okulicz_Praktykant_2007/Flash test/MMfpga12_M28W640/flash_test/flash_test.vhd" 2007/08/16.16:02:07 J.30
EN work/flash_test 1187272940 \
      FL "C:/Andrzej_Okulicz_Praktykant_2007/Flash test/MMfpga12_M28W640/flash_test/flash_test.vhd" \
      PB ieee/std_logic_1164 1163575071 PB ieee/std_logic_arith 1163575072 \
      PB ieee/STD_LOGIC_UNSIGNED 1163575073
AR work/flash_test/Behavioral 1187272941 \
      FL "C:/Andrzej_Okulicz_Praktykant_2007/Flash test/MMfpga12_M28W640/flash_test/flash_test.vhd" \
      EN work/flash_test 1187272940 CP sraminterface
FL "C:/Andrzej_Okulicz_Praktykant_2007/Flash test/MMfpga12_M28W640/flash_test/sraminterface.vhd" 2007/08/14.15:44:42 J.30
EN work/sraminterface 1187272938 \
      FL "C:/Andrzej_Okulicz_Praktykant_2007/Flash test/MMfpga12_M28W640/flash_test/sraminterface.vhd" \
      PB ieee/std_logic_1164 1163575071 PB ieee/std_logic_arith 1163575072 \
      PB ieee/STD_LOGIC_UNSIGNED 1163575073
AR work/sraminterface/sraminterface_arch 1187272939 \
      FL "C:/Andrzej_Okulicz_Praktykant_2007/Flash test/MMfpga12_M28W640/flash_test/sraminterface.vhd" \
      EN work/sraminterface 1187272938
