Release 8.1i - xst I.24
Copyright (c) 1995-2005 Xilinx, Inc.  All rights reserved.
--> Parameter TMPDIR set to ./xst/projnav.tmp
CPU : 0.00 / 0.27 s | Elapsed : 0.00 / 1.00 s
 
--> Parameter xsthdpdir set to ./xst
CPU : 0.00 / 0.27 s | Elapsed : 0.00 / 1.00 s
 
--> Reading design: Test_1.prj

TABLE OF CONTENTS
  1) Synthesis Options Summary
  2) HDL Compilation
  3) HDL Analysis
  4) HDL Synthesis
     4.1) HDL Synthesis Report
  5) Advanced HDL Synthesis
     5.1) Advanced HDL Synthesis Report
  6) Low Level Synthesis
  7) Final Report
     7.1) Device utilization summary
     7.2) TIMING REPORT


=========================================================================
*                      Synthesis Options Summary                        *
=========================================================================
---- Source Parameters
Input File Name                    : "Test_1.prj"
Input Format                       : mixed
Ignore Synthesis Constraint File   : NO

---- Target Parameters
Output File Name                   : "Test_1"
Output Format                      : NGC
Target Device                      : xc3s200-5-tq144

---- Source Options
Top Module Name                    : Test_1
Automatic FSM Extraction           : YES
FSM Encoding Algorithm             : Auto
FSM Style                          : lut
RAM Extraction                     : Yes
RAM Style                          : Auto
ROM Extraction                     : Yes
Mux Style                          : Auto
Decoder Extraction                 : YES
Priority Encoder Extraction        : YES
Shift Register Extraction          : YES
Logical Shifter Extraction         : YES
XOR Collapsing                     : YES
ROM Style                          : Auto
Mux Extraction                     : YES
Resource Sharing                   : YES
Multiplier Style                   : auto
Automatic Register Balancing       : No

---- Target Options
Add IO Buffers                     : YES
Global Maximum Fanout              : 500
Add Generic Clock Buffer(BUFG)     : 8
Register Duplication               : YES
Slice Packing                      : YES
Pack IO Registers into IOBs        : auto
Equivalent register Removal        : YES

---- General Options
Optimization Goal                  : Speed
Optimization Effort                : 1
Keep Hierarchy                     : NO
RTL Output                         : Yes
Global Optimization                : AllClockNets
Write Timing Constraints           : NO
Hierarchy Separator                : /
Bus Delimiter                      : <>
Case Specifier                     : maintain
Slice Utilization Ratio            : 100
Slice Utilization Ratio Delta      : 5

---- Other Options
lso                                : Test_1.lso
Read Cores                         : YES
cross_clock_analysis               : NO
verilog2001                        : YES
safe_implementation                : No
Optimize Instantiated Primitives   : NO
use_clock_enable                   : Yes
use_sync_set                       : Yes
use_sync_reset                     : Yes

=========================================================================


=========================================================================
*                          HDL Compilation                              *
=========================================================================
Compiling vhdl file "C:/Andrzej_Okulicz_Praktykant_2007/EVBfpga_MMfpga12_testy/Test_1/Test_1.vhd" in Library work.
Architecture behavioral of Entity test_1 is up to date.

=========================================================================
*                            HDL Analysis                               *
=========================================================================
Analyzing Entity <Test_1> (Architecture <behavioral>).
Entity <Test_1> analyzed. Unit <Test_1> generated.


=========================================================================
*                           HDL Synthesis                               *
=========================================================================

Synthesizing Unit <Test_1>.
    Related source file is "C:/Andrzej_Okulicz_Praktykant_2007/EVBfpga_MMfpga12_testy/Test_1/Test_1.vhd".
    Found finite state machine <FSM_0> for signal <state>.
    -----------------------------------------------------------------------
    | States             | 6                                              |
    | Transitions        | 11                                             |
    | Inputs             | 1                                              |
    | Outputs            | 6                                              |
    | Clock              | clk_led7 (rising_edge)                         |
    | Reset              | reset (negative)                               |
    | Reset type         | asynchronous                                   |
    | Reset State        | 000                                            |
    | Power Up State     | 000                                            |
    | Encoding           | automatic                                      |
    | Implementation     | LUT                                            |
    -----------------------------------------------------------------------
    Found 6-bit register for signal <LED7_AN_O>.
    Found 8-bit register for signal <LED7_SEG_O>.
    Found 16-bit adder for signal <$n0014> created at line 53.
    Found 26-bit adder for signal <$n0015> created at line 52.
    Found 1-bit register for signal <clk_1Hz>.
    Found 1-bit register for signal <clk_led7>.
    Found 26-bit up counter for signal <counter>.
    Found 16-bit up counter for signal <counter_7seg>.
    Summary:
	inferred   1 Finite State Machine(s).
	inferred   2 Counter(s).
	inferred  16 D-type flip-flop(s).
	inferred   2 Adder/Subtractor(s).
Unit <Test_1> synthesized.


=========================================================================
HDL Synthesis Report

Macro Statistics
# Adders/Subtractors                                   : 2
 16-bit adder                                          : 1
 26-bit adder                                          : 1
# Counters                                             : 2
 16-bit up counter                                     : 1
 26-bit up counter                                     : 1
# Registers                                            : 4
 1-bit register                                        : 2
 6-bit register                                        : 1
 8-bit register                                        : 1

=========================================================================

=========================================================================
*                       Advanced HDL Synthesis                          *
=========================================================================

Analyzing FSM <FSM_0> for best encoding.
Optimizing FSM <state> on signal <state[1:3]> with gray encoding.
-------------------
 State | Encoding
-------------------
 000   | 000
 001   | 001
 010   | 011
 011   | 010
 100   | 110
 101   | 111
-------------------

=========================================================================
Advanced HDL Synthesis Report

Macro Statistics
# FSMs                                                 : 1
# Adders/Subtractors                                   : 2
 16-bit adder                                          : 1
 26-bit adder                                          : 1
# Counters                                             : 2
 16-bit up counter                                     : 1
 26-bit up counter                                     : 1
# Registers                                            : 19
 Flip-Flops                                            : 19

=========================================================================

=========================================================================
*                         Low Level Synthesis                           *
=========================================================================
Loading device for application Rf_Device from file '3s200.nph' in environment C:\Xilinx.

Optimizing unit <Test_1> ...
WARNING:Xst:1710 - FF/Latch  <LED7_SEG_O_0> (without init value) has a constant value of 1 in block <Test_1>.
INFO:Xst:2261 - The FF/Latch <LED7_SEG_O_2> in Unit <Test_1> is equivalent to the following 2 FFs/Latches, which will be removed : <LED7_SEG_O_3> <LED7_SEG_O_6> 

Mapping all equations...
Building and optimizing final netlist ...
Found area constraint ratio of 100 (+ 5) on block Test_1, actual ratio is 4.
FlipFlop LED7_SEG_O_2 has been replicated 2 time(s) to handle iob=true attribute.

=========================================================================
*                            Final Report                               *
=========================================================================
Final Results
RTL Top Level Output File Name     : Test_1.ngr
Top Level Output File Name         : Test_1
Output Format                      : NGC
Optimization Goal                  : Speed
Keep Hierarchy                     : NO

Design Statistics
# IOs                              : 16

Cell Usage :
# BELS                             : 324
#      GND                         : 1
#      INV                         : 7
#      LUT1                        : 24
#      LUT1_L                      : 56
#      LUT2                        : 1
#      LUT2_L                      : 43
#      LUT3                        : 2
#      LUT4                        : 15
#      LUT4_L                      : 7
#      MUXCY                       : 87
#      VCC                         : 1
#      XORCY                       : 80
# FlipFlops/Latches                : 60
#      FDC                         : 51
#      FDCE                        : 2
#      FDP                         : 7
# Clock Buffers                    : 1
#      BUFGP                       : 1
# IO Buffers                       : 15
#      IBUF                        : 1
#      OBUF                        : 14
=========================================================================

Device utilization summary:
---------------------------

Selected Device : 3s200tq144-5 

 Number of Slices:                      81  out of   1920     4%  
 Number of Slice Flip Flops:            57  out of   3840     1%  
 Number of 4 input LUTs:               148  out of   3840     3%  
 Number of bonded IOBs:                 16  out of     97    16%  
    IOB Flip Flops: 3
 Number of GCLKs:                        1  out of      8    12%  


=========================================================================
TIMING REPORT

NOTE: THESE TIMING NUMBERS ARE ONLY A SYNTHESIS ESTIMATE.
      FOR ACCURATE TIMING INFORMATION PLEASE REFER TO THE TRACE REPORT
      GENERATED AFTER PLACE-and-ROUTE.

Clock Information:
------------------
-----------------------------------+------------------------+-------+
Clock Signal                       | Clock buffer(FF name)  | Load  |
-----------------------------------+------------------------+-------+
clk_50MHz                          | BUFGP                  | 44    |
clk_led7                           | NONE                   | 16    |
-----------------------------------+------------------------+-------+
INFO:Xst:2169 - HDL ADVISOR - Some clock signals were not automatically buffered by XST with BUFG/BUFR resources. Please use the buffer_type constraint in order to insert these buffers to the clock signals to help prevent skew problems.

Timing Summary:
---------------
Speed Grade: -5

   Minimum period: 9.043ns (Maximum Frequency: 110.582MHz)
   Minimum input arrival time before clock: No path found
   Maximum output required time after clock: 6.216ns
   Maximum combinational path delay: No path found

Timing Detail:
--------------
All values displayed in nanoseconds (ns)

=========================================================================
Timing constraint: Default period analysis for Clock 'clk_50MHz'
  Clock period: 9.043ns (frequency: 110.582MHz)
  Total number of paths / destination ports: 12278 / 46
-------------------------------------------------------------------------
Delay:               9.043ns (Levels of Logic = 28)
  Source:            counter_1 (FF)
  Destination:       counter_0 (FF)
  Source Clock:      clk_50MHz rising
  Destination Clock: clk_50MHz rising

  Data Path: counter_1 to counter_0
                                Gate     Net
    Cell:in->out      fanout   Delay   Delay  Logical Name (Net Name)
    ----------------------------------------  ------------
     FDC:C->Q              2   0.626   1.040  counter_1 (counter_1)
     LUT1_L:I0->LO         1   0.479   0.000  counter_1_rt (counter_1_rt)
     MUXCY:S->O            1   0.435   0.000  Test_1__n0015<1>cy (Test_1__n0015<1>_cyo)
     MUXCY:CI->O           1   0.056   0.000  Test_1__n0015<2>cy (Test_1__n0015<2>_cyo)
     MUXCY:CI->O           1   0.056   0.000  Test_1__n0015<3>cy (Test_1__n0015<3>_cyo)
     MUXCY:CI->O           1   0.056   0.000  Test_1__n0015<4>cy (Test_1__n0015<4>_cyo)
     MUXCY:CI->O           1   0.056   0.000  Test_1__n0015<5>cy (Test_1__n0015<5>_cyo)
     MUXCY:CI->O           1   0.056   0.000  Test_1__n0015<6>cy (Test_1__n0015<6>_cyo)
     MUXCY:CI->O           1   0.056   0.000  Test_1__n0015<7>cy (Test_1__n0015<7>_cyo)
     MUXCY:CI->O           1   0.056   0.000  Test_1__n0015<8>cy (Test_1__n0015<8>_cyo)
     MUXCY:CI->O           1   0.056   0.000  Test_1__n0015<9>cy (Test_1__n0015<9>_cyo)
     MUXCY:CI->O           1   0.056   0.000  Test_1__n0015<10>cy (Test_1__n0015<10>_cyo)
     MUXCY:CI->O           1   0.056   0.000  Test_1__n0015<11>cy (Test_1__n0015<11>_cyo)
     MUXCY:CI->O           1   0.056   0.000  Test_1__n0015<12>cy (Test_1__n0015<12>_cyo)
     MUXCY:CI->O           1   0.056   0.000  Test_1__n0015<13>cy (Test_1__n0015<13>_cyo)
     MUXCY:CI->O           1   0.056   0.000  Test_1__n0015<14>cy (Test_1__n0015<14>_cyo)
     MUXCY:CI->O           1   0.056   0.000  Test_1__n0015<15>cy (Test_1__n0015<15>_cyo)
     MUXCY:CI->O           1   0.056   0.000  Test_1__n0015<16>cy (Test_1__n0015<16>_cyo)
     MUXCY:CI->O           1   0.056   0.000  Test_1__n0015<17>cy (Test_1__n0015<17>_cyo)
     XORCY:CI->O           1   0.786   0.976  Test_1__n0015<18>_xor (_n0015<18>)
     LUT2_L:I0->LO         1   0.479   0.000  _n0012_wg_sel (N01)
     MUXCY:S->O            1   0.435   0.000  _n0012_wg_cy (_n0012_wg_cy)
     MUXCY:CI->O           1   0.056   0.000  _n0012_wg_cy_rn_0 (_n0012_wg_cy1)
     MUXCY:CI->O           1   0.056   0.000  _n0012_wg_cy_rn_1 (_n0012_wg_cy2)
     MUXCY:CI->O           1   0.056   0.000  _n0012_wg_cy_rn_2 (_n0012_wg_cy3)
     MUXCY:CI->O           1   0.056   0.000  _n0012_wg_cy_rn_3 (_n0012_wg_cy4)
     MUXCY:CI->O           1   0.056   0.000  _n0012_wg_cy_rn_4 (_n0012_wg_cy5)
     MUXCY:CI->O          27   0.246   1.721  _n0012_wg_cy_rn_5 (_n0012_wg_cy6)
     LUT2_L:I1->LO         1   0.479   0.000  counter_Eqn_241 (counter_Eqn_24)
     FDC:D                     0.176          counter_24
    ----------------------------------------
    Total                      9.043ns (5.306ns logic, 3.737ns route)
                                       (58.7% logic, 41.3% route)

=========================================================================
Timing constraint: Default period analysis for Clock 'clk_led7'
  Clock period: 2.570ns (frequency: 389.029MHz)
  Total number of paths / destination ports: 38 / 13
-------------------------------------------------------------------------
Delay:               2.570ns (Levels of Logic = 1)
  Source:            state_FFd1 (FF)
  Destination:       LED7_SEG_O_1 (FF)
  Source Clock:      clk_led7 rising
  Destination Clock: clk_led7 rising

  Data Path: state_FFd1 to LED7_SEG_O_1
                                Gate     Net
    Cell:in->out      fanout   Delay   Delay  Logical Name (Net Name)
    ----------------------------------------  ------------
     FDC:C->Q             13   0.626   1.289  state_FFd1 (state_FFd1)
     LUT4:I0->O            1   0.479   0.000  _n0010<1>1 (_n0010<1>)
     FDP:D                     0.176          LED7_SEG_O_1
    ----------------------------------------
    Total                      2.570ns (1.281ns logic, 1.289ns route)
                                       (49.8% logic, 50.2% route)

=========================================================================
Timing constraint: Default OFFSET OUT AFTER for Clock 'clk_led7'
  Total number of paths / destination ports: 13 / 13
-------------------------------------------------------------------------
Offset:              6.216ns (Levels of Logic = 1)
  Source:            LED7_SEG_O_7 (FF)
  Destination:       LED7_SEG_O<7> (PAD)
  Source Clock:      clk_led7 rising

  Data Path: LED7_SEG_O_7 to LED7_SEG_O<7>
                                Gate     Net
    Cell:in->out      fanout   Delay   Delay  Logical Name (Net Name)
    ----------------------------------------  ------------
     FDP:C->Q              1   0.626   0.681  LED7_SEG_O_7 (LED7_SEG_O_7)
     OBUF:I->O                 4.909          LED7_SEG_O_7_OBUF (LED7_SEG_O<7>)
    ----------------------------------------
    Total                      6.216ns (5.535ns logic, 0.681ns route)
                                       (89.0% logic, 11.0% route)

=========================================================================
CPU : 10.08 / 10.48 s | Elapsed : 10.00 / 11.00 s
 
--> 

Total memory usage is 108824 kilobytes

Number of errors   :    0 (   0 filtered)
Number of warnings :    1 (   0 filtered)
Number of infos    :    2 (   0 filtered)

