V3 4
FL C:/Andrzej_Okulicz_Praktykant_2007/EVBfpga_MMfpga12_testy/VGA_RAM/vga_ram.vhd 2007/07/13.16:14:43 I.24
EN work/VGA_RAM 1184336086 \
      FL C:/Andrzej_Okulicz_Praktykant_2007/EVBfpga_MMfpga12_testy/VGA_RAM/vga_ram.vhd \
      PB ieee/std_logic_1164 1131108373 PB ieee/std_logic_arith 1131108375 \
      PB ieee/STD_LOGIC_UNSIGNED 1131108379
AR work/VGA_RAM/behavior 1184336087 \
      FL C:/Andrzej_Okulicz_Praktykant_2007/EVBfpga_MMfpga12_testy/VGA_RAM/vga_ram.vhd \
      EN work/VGA_RAM 1184336086 CP tapeta
