Release 8.1i Map I.24
Xilinx Mapping Report File for Design 'PS2'

Design Information
------------------
Command Line   : C:\Xilinx\bin\nt\map.exe -ise
C:/Andrzej_Okulicz_Praktykant_2007/EVBfpga_MMfpga12_testy/PS2/PS2.ise -intstyle
ise -p xc3s200-tq144-5 -cm area -pr b -k 4 -c 100 -o PS2_map.ncd PS2.ngd PS2.pcf
Target Device  : xc3s200
Target Package : tq144
Target Speed   : -5
Mapper Version : spartan3 -- $Revision: 1.34 $
Mapped Date    : Tue Jul 17 11:37:59 2007

Design Summary
--------------
Number of errors:      0
Number of warnings:    2
Logic Utilization:
  Number of Slice Flip Flops:         366 out of   3,840    9%
  Number of 4 input LUTs:             837 out of   3,840   21%
Logic Distribution:
  Number of occupied Slices:                          602 out of   1,920   31%
    Number of Slices containing only related logic:     602 out of     602  100%
    Number of Slices containing unrelated logic:          0 out of     602    0%
      *See NOTES below for an explanation of the effects of unrelated logic
Total Number 4 input LUTs:            868 out of   3,840   22%
  Number used as logic:                837
  Number used as a route-thru:          31
  Number of bonded IOBs:               10 out of      97   10%
    IOB Flip Flops:                     2
  Number of GCLKs:                     3 out of       8   37%

Total equivalent gate count for design:  8,542
Additional JTAG gate count for IOBs:  480
Peak Memory Usage:  136 MB

NOTES:

   Related logic is defined as being logic that shares connectivity - e.g. two
   LUTs are "related" if they share common inputs.  When assembling slices,
   Map gives priority to combine logic that is related.  Doing so results in
   the best timing performance.

   Unrelated logic shares no connectivity.  Map will only begin packing
   unrelated logic into a slice once 99% of the slices are occupied through
   related logic packing.

   Note that once logic distribution reaches the 99% level through related
   logic packing, this does not mean the device is completely utilized.
   Unrelated logic packing will then begin, continuing until all usable LUTs
   and FFs are occupied.  Depending on your timing budget, increased levels of
   unrelated logic packing may adversely affect the overall timing performance
   of your design.

Table of Contents
-----------------
Section 1 - Errors
Section 2 - Warnings
Section 3 - Informational
Section 4 - Removed Logic Summary
Section 5 - Removed Logic
Section 6 - IOB Properties
Section 7 - RPMs
Section 8 - Guide Report
Section 9 - Area Group Summary
Section 10 - Modular Design Summary
Section 11 - Timing Report
Section 12 - Configuration String Information
Section 13 - Additional Device Resource Counts

Section 1 - Errors
------------------

Section 2 - Warnings
--------------------
WARNING:LIT:176 - Clock buffer is designated to drive clock loads. BUFGMUX
   symbol "physical_group_clk_LCD/clk_LCD_BUFG" (output signal=clk_LCD) has a
   mix of clock and non-clock loads. The non-clock loads are:
   Pin D of clk_LCD
WARNING:Pack:266 - The function generator _n0007<5>_G failed to merge with F5
   multiplexer _n0007<5>.  There is a conflict for the FXMUX.  The design will
   exhibit suboptimal timing.

Section 3 - Informational
-------------------------
INFO:MapLib:562 - No environment variables are currently set.
INFO:MapLib:535 - The following Virtex BUFG(s) is/are being retargetted to
   Virtex2 BUFGMUX(s) with input tied to I0 and Select pin tied to constant 0:
   BUFGP symbol "KBCLOCK_BUFGP" (output signal=KBCLOCK_BUFGP),
   BUFGP symbol "clk_50MHz_BUFGP" (output signal=clk_50MHz_BUFGP),
   BUFG symbol "clk_LCD_BUFG" (output signal=clk_LCD)
INFO:LIT:244 - All of the single ended outputs in this design are using slew
   rate limited output drivers. The delay on speed critical single ended outputs
   can be dramatically reduced by designating them as fast outputs in the
   schematic.

Section 4 - Removed Logic Summary
---------------------------------
   2 block(s) optimized away

Section 5 - Removed Logic
-------------------------

Optimized Block(s):
TYPE 		BLOCK
GND 		XST_GND
VCC 		XST_VCC

To enable printing of redundant blocks removed and signals merged, set the
detailed map report option and rerun map.

Section 6 - IOB Properties
--------------------------

+------------------------------------------------------------------------------------------------------------------------+
| IOB Name                           | Type    | Direction | IO Standard | Drive    | Slew | Reg (s)  | Resistor | IOB   |
|                                    |         |           |             | Strength | Rate |          |          | Delay |
+------------------------------------------------------------------------------------------------------------------------+
| KBCLOCK                            | IOB     | INPUT     | LVCMOS25    |          |      |          |          |       |
| KBDATA                             | IOB     | INPUT     | LVCMOS25    |          |      | INFF1    |          | IFD   |
| LCD_D<0>                           | IOB     | OUTPUT    | LVCMOS25    | 12       | SLOW |          |          |       |
| LCD_D<1>                           | IOB     | OUTPUT    | LVCMOS25    | 12       | SLOW |          |          |       |
| LCD_D<2>                           | IOB     | OUTPUT    | LVCMOS25    | 12       | SLOW |          |          |       |
| LCD_D<3>                           | IOB     | OUTPUT    | LVCMOS25    | 12       | SLOW |          |          |       |
| LCD_E                              | IOB     | OUTPUT    | LVCMOS25    | 12       | SLOW |          |          |       |
| LCD_RS                             | IOB     | OUTPUT    | LVCMOS25    | 12       | SLOW | OFF1     |          |       |
| clk_50MHz                          | IOB     | INPUT     | LVCMOS25    |          |      |          |          |       |
| reset                              | IOB     | INPUT     | LVCMOS25    |          |      |          |          |       |
+------------------------------------------------------------------------------------------------------------------------+

Section 7 - RPMs
----------------

Section 8 - Guide Report
------------------------
Guide not run on this design.

Section 9 - Area Group Summary
------------------------------
No area groups were found in this design.

Section 10 - Modular Design Summary
-----------------------------------
Modular Design not used for this design.

Section 11 - Timing Report
--------------------------
This design was not run using timing mode.

Section 12 - Configuration String Details
--------------------------
Use the "-detail" map option to print out Configuration Strings

Section 13 - Additional Device Resource Counts
----------------------------------------------
Number of JTAG Gates for IOBs = 10
Number of Equivalent Gates for Design = 8,542
Number of RPM Macros = 0
Number of Hard Macros = 0
DCIRESETs = 0
CAPTUREs = 0
BSCANs = 0
STARTUPs = 0
DCMs = 0
GCLKs = 3
ICAPs = 0
18X18 Multipliers = 0
Block RAMs = 0
Total Registers (Flops & Latches in Slices & IOBs) not driven by LUTs = 164
IOB Dual-Rate Flops not driven by LUTs = 0
IOB Dual-Rate Flops = 0
IOB Slave Pads = 0
IOB Master Pads = 0
IOB Latches not driven by LUTs = 0
IOB Latches = 0
IOB Flip Flops not driven by LUTs = 2
IOB Flip Flops = 2
Unbonded IOBs = 0
Bonded IOBs = 10
XORs = 30
CARRY_INITs = 16
CARRY_SKIPs = 0
CARRY_MUXes = 30
Shift Registers = 0
Static Shift Registers = 0
Dynamic Shift Registers = 0
16x1 ROMs = 0
16x1 RAMs = 0
32x1 RAMs = 0
Dual Port RAMs = 0
MUXFs = 129
MULT_ANDs = 0
4 input LUTs used as Route-Thrus = 31
4 input LUTs = 837
Slice Latches not driven by LUTs = 0
Slice Latches = 0
Slice Flip Flops not driven by LUTs = 162
Slice Flip Flops = 366
SliceMs = 32
SliceLs = 570
Slices = 602
F6 Muxes = 32
F5 Muxes = 81
F8 Muxes = 0
F7 Muxes = 16
Number of LUT signals with 4 loads = 12
Number of LUT signals with 3 loads = 24
Number of LUT signals with 2 loads = 33
Number of LUT signals with 1 load = 694
NGM Average fanout of LUT = 2.12
NGM Maximum fanout of LUT = 80
NGM Average fanin for LUT = 3.2043
Number of LUT symbols = 837
