--------------------------------------------------------------------------------
Release 8.1i Trace I.24
Copyright (c) 1995-2005 Xilinx, Inc.  All rights reserved.

C:\Xilinx\bin\nt\trce.exe -ise RS232_PS2.ise -intstyle ise -e 3 -l 3 -s 5 -xml
RS232_PS2 RS232_PS2.ncd -o RS232_PS2.twr RS232_PS2.pcf


Design file:              rs232_ps2.ncd
Physical constraint file: rs232_ps2.pcf
Device,speed:             xc3s200,-5 (PRODUCTION 1.37 2005-11-04)
Report level:             error report

Environment Variable      Effect 
--------------------      ------ 
NONE                      No environment variables were set
--------------------------------------------------------------------------------

INFO:Timing:2698 - No timing constraints found, doing default enumeration.
INFO:Timing:2752 - To get complete path coverage, use the unconstrained paths
   option. All paths that are not constrained will be reported in the
   unconstrained paths section(s) of the report.


Data Sheet report:
-----------------
All values displayed in nanoseconds (ns)

Setup/Hold to clock KBCLOCK
------------+------------+------------+------------------+--------+
            |  Setup to  |  Hold to   |                  |  Clock |
Source      | clk (edge) | clk (edge) |Internal Clock(s) |  Phase |
------------+------------+------------+------------------+--------+
KBDATA      |    1.083(F)|    3.157(F)|KBCLOCK_BUFGP     |   0.000|
------------+------------+------------+------------------+--------+

Clock to Setup on destination clock KBCLOCK
---------------+---------+---------+---------+---------+
               | Src:Rise| Src:Fall| Src:Rise| Src:Fall|
Source Clock   |Dest:Rise|Dest:Rise|Dest:Fall|Dest:Fall|
---------------+---------+---------+---------+---------+
KBCLOCK        |         |         |         |    4.383|
---------------+---------+---------+---------+---------+

Clock to Setup on destination clock clk_50MHz
---------------+---------+---------+---------+---------+
               | Src:Rise| Src:Fall| Src:Rise| Src:Fall|
Source Clock   |Dest:Rise|Dest:Rise|Dest:Fall|Dest:Fall|
---------------+---------+---------+---------+---------+
KBCLOCK        |         |    8.268|         |         |
clk_50MHz      |    7.350|         |         |         |
---------------+---------+---------+---------+---------+

Analysis completed Wed Jul 18 10:57:24 2007
--------------------------------------------------------------------------------



Peak Memory Usage: 101 MB
