Release 8.1i - xst I.24
Copyright (c) 1995-2005 Xilinx, Inc.  All rights reserved.
--> Parameter TMPDIR set to ./xst/projnav.tmp
CPU : 0.00 / 0.30 s | Elapsed : 0.00 / 0.00 s
 
--> Parameter xsthdpdir set to ./xst
CPU : 0.00 / 0.30 s | Elapsed : 0.00 / 0.00 s
 
--> Reading design: RS232_PS2.prj

TABLE OF CONTENTS
  1) Synthesis Options Summary
  2) HDL Compilation
  3) HDL Analysis
  4) HDL Synthesis
     4.1) HDL Synthesis Report
  5) Advanced HDL Synthesis
     5.1) Advanced HDL Synthesis Report
  6) Low Level Synthesis
  7) Final Report
     7.1) Device utilization summary
     7.2) TIMING REPORT


=========================================================================
*                      Synthesis Options Summary                        *
=========================================================================
---- Source Parameters
Input File Name                    : "RS232_PS2.prj"
Input Format                       : mixed
Ignore Synthesis Constraint File   : NO

---- Target Parameters
Output File Name                   : "RS232_PS2"
Output Format                      : NGC
Target Device                      : xc3s200-5-tq144

---- Source Options
Top Module Name                    : RS232_PS2
Automatic FSM Extraction           : YES
FSM Encoding Algorithm             : Auto
FSM Style                          : lut
RAM Extraction                     : Yes
RAM Style                          : Auto
ROM Extraction                     : Yes
Mux Style                          : Auto
Decoder Extraction                 : YES
Priority Encoder Extraction        : YES
Shift Register Extraction          : YES
Logical Shifter Extraction         : YES
XOR Collapsing                     : YES
ROM Style                          : Auto
Mux Extraction                     : YES
Resource Sharing                   : YES
Multiplier Style                   : auto
Automatic Register Balancing       : No

---- Target Options
Add IO Buffers                     : YES
Global Maximum Fanout              : 500
Add Generic Clock Buffer(BUFG)     : 8
Register Duplication               : YES
Slice Packing                      : YES
Pack IO Registers into IOBs        : auto
Equivalent register Removal        : YES

---- General Options
Optimization Goal                  : Speed
Optimization Effort                : 1
Keep Hierarchy                     : NO
RTL Output                         : Yes
Global Optimization                : AllClockNets
Write Timing Constraints           : NO
Hierarchy Separator                : /
Bus Delimiter                      : <>
Case Specifier                     : maintain
Slice Utilization Ratio            : 100
Slice Utilization Ratio Delta      : 5

---- Other Options
lso                                : RS232_PS2.lso
Read Cores                         : YES
cross_clock_analysis               : NO
verilog2001                        : YES
safe_implementation                : No
Optimize Instantiated Primitives   : NO
use_clock_enable                   : Yes
use_sync_set                       : Yes
use_sync_reset                     : Yes

=========================================================================


=========================================================================
*                          HDL Compilation                              *
=========================================================================
Compiling vhdl file "C:/Andrzej_Okulicz_Praktykant_2007/EVBfpga_MMfpga12_testy/RS232_PS2/RS232_PS2.vhd" in Library work.
Entity <rs232_ps2> compiled.
Entity <rs232_ps2> (Architecture <behavioral>) compiled.

=========================================================================
*                            HDL Analysis                               *
=========================================================================
Analyzing Entity <RS232_PS2> (Architecture <behavioral>).
Entity <RS232_PS2> analyzed. Unit <RS232_PS2> generated.


=========================================================================
*                           HDL Synthesis                               *
=========================================================================

Synthesizing Unit <RS232_PS2>.
    Related source file is "C:/Andrzej_Okulicz_Praktykant_2007/EVBfpga_MMfpga12_testy/RS232_PS2/RS232_PS2.vhd".
WARNING:Xst:647 - Input <RS232_1_RXD> is never used.
    Found finite state machine <FSM_0> for signal <stan>.
    -----------------------------------------------------------------------
    | States             | 3                                              |
    | Transitions        | 6                                              |
    | Inputs             | 2                                              |
    | Outputs            | 4                                              |
    | Clock              | KBCLOCK (falling_edge)                         |
    | Clock enable       | $n0009 (positive)                              |
    | Reset              | reset (negative)                               |
    | Reset type         | asynchronous                                   |
    | Reset State        | 00                                             |
    | Power Up State     | 00                                             |
    | Encoding           | automatic                                      |
    | Implementation     | LUT                                            |
    -----------------------------------------------------------------------
    Found finite state machine <FSM_1> for signal <stan_rs>.
    -----------------------------------------------------------------------
    | States             | 5                                              |
    | Transitions        | 9                                              |
    | Inputs             | 3                                              |
    | Outputs            | 5                                              |
    | Clock              | clk_10kHz (falling_edge)                       |
    | Reset              | reset (negative)                               |
    | Reset type         | asynchronous                                   |
    | Reset State        | 000                                            |
    | Power Up State     | 000                                            |
    | Encoding           | automatic                                      |
    | Implementation     | LUT                                            |
    -----------------------------------------------------------------------
    Found 1-bit register for signal <RS232_1_TXD>.
    Found 4-bit adder for signal <$n0039> created at line 97.
    Found 3-bit adder for signal <$n0040> created at line 193.
    Found 4-bit adder for signal <$n0041> created at line 209.
    Found 13-bit adder for signal <$n0042> created at line 58.
    Found 2-bit adder for signal <$n0043> created at line 106.
    Found 1-bit register for signal <clk_10kHz>.
    Found 13-bit up counter for signal <counter>.
    Found 8-bit register for signal <data_rs>.
    Found 4-bit up counter for signal <licznik>.
    Found 4-bit up counter for signal <licznik0>.
    Found 3-bit up counter for signal <licznik_rs>.
    Found 8-bit register for signal <rs232>.
    Found 1-bit register for signal <start<0>>.
    Found 2-bit up counter for signal <stop>.
    Summary:
	inferred   2 Finite State Machine(s).
	inferred   5 Counter(s).
	inferred  19 D-type flip-flop(s).
	inferred   5 Adder/Subtractor(s).
Unit <RS232_PS2> synthesized.


=========================================================================
HDL Synthesis Report

Macro Statistics
# Adders/Subtractors                                   : 5
 13-bit adder                                          : 1
 2-bit adder                                           : 1
 3-bit adder                                           : 1
 4-bit adder                                           : 2
# Counters                                             : 5
 13-bit up counter                                     : 1
 2-bit up counter                                      : 1
 3-bit up counter                                      : 1
 4-bit up counter                                      : 2
# Registers                                            : 12
 1-bit register                                        : 11
 8-bit register                                        : 1

=========================================================================

=========================================================================
*                       Advanced HDL Synthesis                          *
=========================================================================

Analyzing FSM <FSM_1> for best encoding.
Optimizing FSM <stan_rs> on signal <stan_rs[1:3]> with gray encoding.
-------------------
 State | Encoding
-------------------
 000   | 000
 001   | 110
 010   | 010
 011   | 011
 100   | 001
-------------------
Analyzing FSM <FSM_0> for best encoding.
Optimizing FSM <stan> on signal <stan[1:2]> with gray encoding.
-------------------
 State | Encoding
-------------------
 00    | 00
 01    | 11
 10    | 01
-------------------
WARNING:Xst:1710 - FF/Latch  <data_rs_5> (without init value) has a constant value of 0 in block <RS232_PS2>.
WARNING:Xst:1895 - Due to other FF/Latch trimming, FF/Latch  <data_rs_7> (without init value) has a constant value of 0 in block <RS232_PS2>.

=========================================================================
Advanced HDL Synthesis Report

Macro Statistics
# FSMs                                                 : 2
# Adders/Subtractors                                   : 5
 13-bit adder                                          : 1
 2-bit adder                                           : 1
 3-bit adder                                           : 1
 4-bit adder                                           : 2
# Counters                                             : 5
 13-bit up counter                                     : 1
 2-bit up counter                                      : 1
 3-bit up counter                                      : 1
 4-bit up counter                                      : 2
# Registers                                            : 22
 Flip-Flops                                            : 22

=========================================================================

=========================================================================
*                         Low Level Synthesis                           *
=========================================================================
Loading device for application Rf_Device from file '3s200.nph' in environment C:\Xilinx.

Optimizing unit <RS232_PS2> ...
WARNING:Xst:1293 - FF/Latch  <licznik0_3> has a constant value of 0 in block <RS232_PS2>.
WARNING:Xst:1896 - Due to other FF/Latch trimming, FF/Latch  <licznik_3> has a constant value of 0 in block <RS232_PS2>.

Mapping all equations...
Building and optimizing final netlist ...
Found area constraint ratio of 100 (+ 5) on block RS232_PS2, actual ratio is 4.

=========================================================================
*                            Final Report                               *
=========================================================================
Final Results
RTL Top Level Output File Name     : RS232_PS2.ngr
Top Level Output File Name         : RS232_PS2
Output Format                      : NGC
Optimization Goal                  : Speed
Keep Hierarchy                     : NO

Design Statistics
# IOs                              : 6

Cell Usage :
# BELS                             : 212
#      GND                         : 1
#      INV                         : 6
#      LUT1                        : 1
#      LUT1_L                      : 23
#      LUT2                        : 13
#      LUT2_L                      : 3
#      LUT3                        : 27
#      LUT3_D                      : 1
#      LUT4                        : 63
#      LUT4_L                      : 19
#      MUXCY                       : 24
#      MUXF5                       : 6
#      VCC                         : 1
#      XORCY                       : 24
# FlipFlops/Latches                : 46
#      FDC                         : 19
#      FDC_1                       : 3
#      FDCE                        : 1
#      FDCE_1                      : 22
#      FDP_1                       : 1
# Clock Buffers                    : 2
#      BUFGP                       : 2
# IO Buffers                       : 3
#      IBUF                        : 2
#      OBUF                        : 1
=========================================================================

Device utilization summary:
---------------------------

Selected Device : 3s200tq144-5 

 Number of Slices:                      84  out of   1920     4%  
 Number of Slice Flip Flops:            46  out of   3840     1%  
 Number of 4 input LUTs:               150  out of   3840     3%  
 Number of bonded IOBs:                  5  out of     97     5%  
 Number of GCLKs:                        2  out of      8    25%  


=========================================================================
TIMING REPORT

NOTE: THESE TIMING NUMBERS ARE ONLY A SYNTHESIS ESTIMATE.
      FOR ACCURATE TIMING INFORMATION PLEASE REFER TO THE TRACE REPORT
      GENERATED AFTER PLACE-and-ROUTE.

Clock Information:
------------------
-----------------------------------+------------------------+-------+
Clock Signal                       | Clock buffer(FF name)  | Load  |
-----------------------------------+------------------------+-------+
KBCLOCK                            | BUFGP                  | 16    |
clk_50MHz                          | BUFGP                  | 20    |
clk_10kHz                          | NONE                   | 10    |
-----------------------------------+------------------------+-------+
INFO:Xst:2169 - HDL ADVISOR - Some clock signals were not automatically buffered by XST with BUFG/BUFR resources. Please use the buffer_type constraint in order to insert these buffers to the clock signals to help prevent skew problems.

Timing Summary:
---------------
Speed Grade: -5

   Minimum period: 7.482ns (Maximum Frequency: 133.661MHz)
   Minimum input arrival time before clock: 5.168ns
   Maximum output required time after clock: 6.280ns
   Maximum combinational path delay: No path found

Timing Detail:
--------------
All values displayed in nanoseconds (ns)

=========================================================================
Timing constraint: Default period analysis for Clock 'KBCLOCK'
  Clock period: 5.708ns (frequency: 175.182MHz)
  Total number of paths / destination ports: 100 / 24
-------------------------------------------------------------------------
Delay:               5.708ns (Levels of Logic = 3)
  Source:            stop_1 (FF)
  Destination:       rs232_7 (FF)
  Source Clock:      KBCLOCK falling
  Destination Clock: KBCLOCK falling

  Data Path: stop_1 to rs232_7
                                Gate     Net
    Cell:in->out      fanout   Delay   Delay  Logical Name (Net Name)
    ----------------------------------------  ------------
     FDCE_1:C->Q           3   0.626   1.066  stop_1 (stop_1)
     LUT2_L:I0->LO         1   0.479   0.159  Ker10_SW0 (N657)
     LUT4:I2->O            8   0.479   1.216  Ker10 (N10)
     LUT4:I0->O            1   0.479   0.681  _n01581 (_n0158)
     FDCE_1:CE                 0.524          rs232_7
    ----------------------------------------
    Total                      5.708ns (2.587ns logic, 3.121ns route)
                                       (45.3% logic, 54.7% route)

=========================================================================
Timing constraint: Default period analysis for Clock 'clk_50MHz'
  Clock period: 7.482ns (frequency: 133.661MHz)
  Total number of paths / destination ports: 1372 / 21
-------------------------------------------------------------------------
Delay:               7.482ns (Levels of Logic = 13)
  Source:            counter_1 (FF)
  Destination:       clk_10kHz (FF)
  Source Clock:      clk_50MHz rising
  Destination Clock: clk_50MHz rising

  Data Path: counter_1 to clk_10kHz
                                Gate     Net
    Cell:in->out      fanout   Delay   Delay  Logical Name (Net Name)
    ----------------------------------------  ------------
     FDC:C->Q              2   0.626   1.040  counter_1 (counter_1)
     LUT1_L:I0->LO         1   0.479   0.000  counter_1_rt (counter_1_rt)
     MUXCY:S->O            1   0.435   0.000  RS232_PS2__n0042<1>cy (RS232_PS2__n0042<1>_cyo)
     MUXCY:CI->O           1   0.056   0.000  RS232_PS2__n0042<2>cy (RS232_PS2__n0042<2>_cyo)
     MUXCY:CI->O           1   0.056   0.000  RS232_PS2__n0042<3>cy (RS232_PS2__n0042<3>_cyo)
     MUXCY:CI->O           1   0.056   0.000  RS232_PS2__n0042<4>cy (RS232_PS2__n0042<4>_cyo)
     MUXCY:CI->O           1   0.056   0.000  RS232_PS2__n0042<5>cy (RS232_PS2__n0042<5>_cyo)
     MUXCY:CI->O           1   0.056   0.000  RS232_PS2__n0042<6>cy (RS232_PS2__n0042<6>_cyo)
     MUXCY:CI->O           1   0.056   0.000  RS232_PS2__n0042<7>cy (RS232_PS2__n0042<7>_cyo)
     MUXCY:CI->O           1   0.056   0.000  RS232_PS2__n0042<8>cy (RS232_PS2__n0042<8>_cyo)
     MUXCY:CI->O           1   0.056   0.000  RS232_PS2__n0042<9>cy (RS232_PS2__n0042<9>_cyo)
     XORCY:CI->O           2   0.786   0.768  RS232_PS2__n0042<10>_xor (_n0042<10>)
     LUT4:I3->O            1   0.479   0.740  _n003351_SW13 (N840)
     LUT4:I2->O            1   0.479   0.681  _n003351 (_n0033)
     FDCE:CE                   0.524          clk_10kHz
    ----------------------------------------
    Total                      7.482ns (4.252ns logic, 3.230ns route)
                                       (56.8% logic, 43.2% route)

=========================================================================
Timing constraint: Default period analysis for Clock 'clk_10kHz'
  Clock period: 4.438ns (frequency: 225.342MHz)
  Total number of paths / destination ports: 61 / 16
-------------------------------------------------------------------------
Delay:               4.438ns (Levels of Logic = 3)
  Source:            licznik0_1 (FF)
  Destination:       RS232_1_TXD (FF)
  Source Clock:      clk_10kHz falling
  Destination Clock: clk_10kHz falling

  Data Path: licznik0_1 to RS232_1_TXD
                                Gate     Net
    Cell:in->out      fanout   Delay   Delay  Logical Name (Net Name)
    ----------------------------------------  ------------
     FDCE_1:C->Q           5   0.626   1.078  licznik0_1 (licznik0_1)
     LUT3:I0->O            1   0.479   0.851  _n002328_SW0 (N846)
     LUT4_L:I1->LO         1   0.479   0.270  _n002328 (N684)
     LUT4_L:I1->LO         1   0.479   0.000  _n0023119 (_n0023)
     FDP_1:D                   0.176          RS232_1_TXD
    ----------------------------------------
    Total                      4.438ns (2.239ns logic, 2.199ns route)
                                       (50.5% logic, 49.5% route)

=========================================================================
Timing constraint: Default OFFSET IN BEFORE for Clock 'KBCLOCK'
  Total number of paths / destination ports: 23 / 23
-------------------------------------------------------------------------
Offset:              5.168ns (Levels of Logic = 3)
  Source:            KBDATA (PAD)
  Destination:       rs232_7 (FF)
  Destination Clock: KBCLOCK falling

  Data Path: KBDATA to rs232_7
                                Gate     Net
    Cell:in->out      fanout   Delay   Delay  Logical Name (Net Name)
    ----------------------------------------  ------------
     IBUF:I->O            16   0.715   1.074  KBDATA_IBUF (KBDATA_IBUF)
     LUT4:I3->O            8   0.479   1.216  Ker10 (N10)
     LUT4:I0->O            1   0.479   0.681  _n01581 (_n0158)
     FDCE_1:CE                 0.524          rs232_7
    ----------------------------------------
    Total                      5.168ns (2.197ns logic, 2.971ns route)
                                       (42.5% logic, 57.5% route)

=========================================================================
Timing constraint: Default OFFSET IN BEFORE for Clock 'clk_10kHz'
  Total number of paths / destination ports: 5 / 5
-------------------------------------------------------------------------
Offset:              3.599ns (Levels of Logic = 2)
  Source:            KBDATA (PAD)
  Destination:       licznik_rs_0 (FF)
  Destination Clock: clk_10kHz falling

  Data Path: KBDATA to licznik_rs_0
                                Gate     Net
    Cell:in->out      fanout   Delay   Delay  Logical Name (Net Name)
    ----------------------------------------  ------------
     IBUF:I->O            16   0.715   1.110  KBDATA_IBUF (KBDATA_IBUF)
     LUT3:I2->O            3   0.479   0.771  _n01601 (_n0160)
     FDCE_1:CE                 0.524          licznik_rs_0
    ----------------------------------------
    Total                      3.599ns (1.718ns logic, 1.881ns route)
                                       (47.7% logic, 52.3% route)

=========================================================================
Timing constraint: Default OFFSET OUT AFTER for Clock 'clk_10kHz'
  Total number of paths / destination ports: 1 / 1
-------------------------------------------------------------------------
Offset:              6.280ns (Levels of Logic = 1)
  Source:            RS232_1_TXD (FF)
  Destination:       RS232_1_TXD (PAD)
  Source Clock:      clk_10kHz falling

  Data Path: RS232_1_TXD to RS232_1_TXD
                                Gate     Net
    Cell:in->out      fanout   Delay   Delay  Logical Name (Net Name)
    ----------------------------------------  ------------
     FDP_1:C->Q            2   0.626   0.745  RS232_1_TXD (RS232_1_TXD_OBUF)
     OBUF:I->O                 4.909          RS232_1_TXD_OBUF (RS232_1_TXD)
    ----------------------------------------
    Total                      6.280ns (5.535ns logic, 0.745ns route)
                                       (88.1% logic, 11.9% route)

=========================================================================
CPU : 12.41 / 12.73 s | Elapsed : 12.00 / 12.00 s
 
--> 

Total memory usage is 109848 kilobytes

Number of errors   :    0 (   0 filtered)
Number of warnings :    5 (   0 filtered)
Number of infos    :    1 (   0 filtered)

