Release 8.1i Map I.24
Xilinx Mapping Report File for Design 'RS232_PS2'

Design Information
------------------
Command Line   : C:\Xilinx\bin\nt\map.exe -ise
C:/Andrzej_Okulicz_Praktykant_2007/EVBfpga_MMfpga12_testy/RS232_PS2/RS232_PS2.is
e -intstyle ise -p xc3s200-tq144-5 -cm area -pr b -k 4 -c 100 -o
RS232_PS2_map.ncd RS232_PS2.ngd RS232_PS2.pcf 
Target Device  : xc3s200
Target Package : tq144
Target Speed   : -5
Mapper Version : spartan3 -- $Revision: 1.34 $
Mapped Date    : Wed Jul 18 10:57:04 2007

Design Summary
--------------
Number of errors:      0
Number of warnings:    2
Logic Utilization:
  Number of Slice Flip Flops:          45 out of   3,840    1%
  Number of 4 input LUTs:             128 out of   3,840    3%
Logic Distribution:
  Number of occupied Slices:                           89 out of   1,920    4%
    Number of Slices containing only related logic:      89 out of      89  100%
    Number of Slices containing unrelated logic:          0 out of      89    0%
      *See NOTES below for an explanation of the effects of unrelated logic
Total Number 4 input LUTs:            152 out of   3,840    3%
  Number used as logic:                128
  Number used as a route-thru:          24
  Number of bonded IOBs:                6 out of      97    6%
    IOB Flip Flops:                     1
  Number of GCLKs:                     2 out of       8   25%

Total equivalent gate count for design:  1,304
Additional JTAG gate count for IOBs:  288
Peak Memory Usage:  129 MB

NOTES:

   Related logic is defined as being logic that shares connectivity - e.g. two
   LUTs are "related" if they share common inputs.  When assembling slices,
   Map gives priority to combine logic that is related.  Doing so results in
   the best timing performance.

   Unrelated logic shares no connectivity.  Map will only begin packing
   unrelated logic into a slice once 99% of the slices are occupied through
   related logic packing.

   Note that once logic distribution reaches the 99% level through related
   logic packing, this does not mean the device is completely utilized.
   Unrelated logic packing will then begin, continuing until all usable LUTs
   and FFs are occupied.  Depending on your timing budget, increased levels of
   unrelated logic packing may adversely affect the overall timing performance
   of your design.

Table of Contents
-----------------
Section 1 - Errors
Section 2 - Warnings
Section 3 - Informational
Section 4 - Removed Logic Summary
Section 5 - Removed Logic
Section 6 - IOB Properties
Section 7 - RPMs
Section 8 - Guide Report
Section 9 - Area Group Summary
Section 10 - Modular Design Summary
Section 11 - Timing Report
Section 12 - Configuration String Information
Section 13 - Additional Device Resource Counts

Section 1 - Errors
------------------

Section 2 - Warnings
--------------------
WARNING:LIT:243 - Logical network RS232_1_RXD_IBUF has no load.
WARNING:PhysDesignRules:367 - The signal <RS232_1_RXD_IBUF> is incomplete. The
   signal does not drive any load pins in the design.

Section 3 - Informational
-------------------------
INFO:MapLib:562 - No environment variables are currently set.
INFO:MapLib:535 - The following Virtex BUFG(s) is/are being retargetted to
   Virtex2 BUFGMUX(s) with input tied to I0 and Select pin tied to constant 0:
   BUFGP symbol "KBCLOCK_BUFGP" (output signal=KBCLOCK_BUFGP),
   BUFGP symbol "clk_50MHz_BUFGP" (output signal=clk_50MHz_BUFGP)
INFO:LIT:244 - All of the single ended outputs in this design are using slew
   rate limited output drivers. The delay on speed critical single ended outputs
   can be dramatically reduced by designating them as fast outputs in the
   schematic.

Section 4 - Removed Logic Summary
---------------------------------
   2 block(s) optimized away

Section 5 - Removed Logic
-------------------------

Optimized Block(s):
TYPE 		BLOCK
GND 		XST_GND
VCC 		XST_VCC

To enable printing of redundant blocks removed and signals merged, set the
detailed map report option and rerun map.

Section 6 - IOB Properties
--------------------------

+------------------------------------------------------------------------------------------------------------------------+
| IOB Name                           | Type    | Direction | IO Standard | Drive    | Slew | Reg (s)  | Resistor | IOB   |
|                                    |         |           |             | Strength | Rate |          |          | Delay |
+------------------------------------------------------------------------------------------------------------------------+
| KBCLOCK                            | IOB     | INPUT     | LVCMOS25    |          |      |          |          |       |
| KBDATA                             | IOB     | INPUT     | LVCMOS25    |          |      | INFF1    |          | IFD   |
| RS232_1_RXD                        | IOB     | INPUT     | LVCMOS25    |          |      |          |          |       |
| RS232_1_TXD                        | IOB     | OUTPUT    | LVCMOS25    | 12       | SLOW |          |          |       |
| clk_50MHz                          | IOB     | INPUT     | LVCMOS25    |          |      |          |          |       |
| reset                              | IOB     | INPUT     | LVCMOS25    |          |      |          |          |       |
+------------------------------------------------------------------------------------------------------------------------+

Section 7 - RPMs
----------------

Section 8 - Guide Report
------------------------
Guide not run on this design.

Section 9 - Area Group Summary
------------------------------
No area groups were found in this design.

Section 10 - Modular Design Summary
-----------------------------------
Modular Design not used for this design.

Section 11 - Timing Report
--------------------------
This design was not run using timing mode.

Section 12 - Configuration String Details
--------------------------
Use the "-detail" map option to print out Configuration Strings

Section 13 - Additional Device Resource Counts
----------------------------------------------
Number of JTAG Gates for IOBs = 6
Number of Equivalent Gates for Design = 1,304
Number of RPM Macros = 0
Number of Hard Macros = 0
DCIRESETs = 0
CAPTUREs = 0
BSCANs = 0
STARTUPs = 0
DCMs = 0
GCLKs = 2
ICAPs = 0
18X18 Multipliers = 0
Block RAMs = 0
Total Registers (Flops & Latches in Slices & IOBs) not driven by LUTs = 11
IOB Dual-Rate Flops not driven by LUTs = 0
IOB Dual-Rate Flops = 0
IOB Slave Pads = 0
IOB Master Pads = 0
IOB Latches not driven by LUTs = 0
IOB Latches = 0
IOB Flip Flops not driven by LUTs = 1
IOB Flip Flops = 1
Unbonded IOBs = 0
Bonded IOBs = 6
XORs = 24
CARRY_INITs = 14
CARRY_SKIPs = 0
CARRY_MUXes = 24
Shift Registers = 0
Static Shift Registers = 0
Dynamic Shift Registers = 0
16x1 ROMs = 0
16x1 RAMs = 0
32x1 RAMs = 0
Dual Port RAMs = 0
MUXFs = 6
MULT_ANDs = 0
4 input LUTs used as Route-Thrus = 24
4 input LUTs = 128
Slice Latches not driven by LUTs = 0
Slice Latches = 0
Slice Flip Flops not driven by LUTs = 10
Slice Flip Flops = 45
SliceMs = 0
SliceLs = 89
Slices = 89
F6 Muxes = 0
F5 Muxes = 6
F8 Muxes = 0
F7 Muxes = 0
Number of LUT signals with 4 loads = 0
Number of LUT signals with 3 loads = 4
Number of LUT signals with 2 loads = 7
Number of LUT signals with 1 load = 109
NGM Average fanout of LUT = 1.60
NGM Maximum fanout of LUT = 13
NGM Average fanin for LUT = 3.5000
Number of LUT symbols = 128
