V3 3
FL C:/Andrzej_Okulicz_Praktykant_2007/EVBfpga_MMfpga12_testy/Test_3/Test_3.vhd 2007/07/11.08:48:47 I.24
EN work/Test_3 1184136531 \
      FL C:/Andrzej_Okulicz_Praktykant_2007/EVBfpga_MMfpga12_testy/Test_3/Test_3.vhd \
      PB ieee/std_logic_1164 1131108373 PB ieee/std_logic_arith 1131108375 \
      PB ieee/STD_LOGIC_UNSIGNED 1131108379
AR work/Test_3/Behavioral 1184136532 \
      FL C:/Andrzej_Okulicz_Praktykant_2007/EVBfpga_MMfpga12_testy/Test_3/Test_3.vhd \
      EN work/Test_3 1184136531
