EN ps2 NULL C:/Andrzej_Okulicz_Praktykant_2007/EVBfpga_MMfpga12_testy/RS232_PS2/RS232_PS2.vhd sub00/vhpl00 1184671553
AR rs232_ps2 behavioral C:/Andrzej_Okulicz_Praktykant_2007/EVBfpga_MMfpga12_testy/RS232_PS2/RS232_PS2.vhd sub00/vhpl03 1184749004
AR ps2 behavioral C:/Andrzej_Okulicz_Praktykant_2007/EVBfpga_MMfpga12_testy/RS232_PS2/RS232_PS2.vhd sub00/vhpl01 1184671554
EN rs232_ps2 NULL C:/Andrzej_Okulicz_Praktykant_2007/EVBfpga_MMfpga12_testy/RS232_PS2/RS232_PS2.vhd sub00/vhpl02 1184749003
