PH sdram NULL C:/Andrzej_Okulicz_Praktykant_2007/EVBfpga_MMfpga12_testy/SDRAM_test/sdramcntl.vhd sub00/vhpl00 1185884552
EN test_board NULL C:/Andrzej_Okulicz_Praktykant_2007/EVBfpga_MMfpga12_testy/SDRAM_test/test_board.vhd sub00/vhpl19 1185884569
PB common common C:/Andrzej_Okulicz_Praktykant_2007/EVBfpga_MMfpga12_testy/SDRAM_test/common.vhd sub00/vhpl02 1185884551
EN dualport NULL C:/Andrzej_Okulicz_Praktykant_2007/EVBfpga_MMfpga12_testy/SDRAM_test/sdramcntl.vhd sub00/vhpl05 1185884555
AR randgen arch C:/Andrzej_Okulicz_Praktykant_2007/EVBfpga_MMfpga12_testy/SDRAM_test/randgen.vhd sub00/vhpl09 1185884559
PH mem NULL C:/Andrzej_Okulicz_Praktykant_2007/EVBfpga_MMfpga12_testy/SDRAM_test/memtest.vhd sub00/vhpl10 1185884560
AR dualport arch C:/Andrzej_Okulicz_Praktykant_2007/EVBfpga_MMfpga12_testy/SDRAM_test/sdramcntl.vhd sub00/vhpl06 1185884556
EN randgen NULL C:/Andrzej_Okulicz_Praktykant_2007/EVBfpga_MMfpga12_testy/SDRAM_test/randgen.vhd sub00/vhpl08 1185884558
EN xsasdramcntl NULL C:/Andrzej_Okulicz_Praktykant_2007/EVBfpga_MMfpga12_testy/SDRAM_test/xsasdramcntl.vhd sub00/vhpl14 1185884564
PH common NULL C:/Andrzej_Okulicz_Praktykant_2007/EVBfpga_MMfpga12_testy/SDRAM_test/common.vhd sub00/vhpl01 1185884550
AR xsasdramcntl arch C:/Andrzej_Okulicz_Praktykant_2007/EVBfpga_MMfpga12_testy/SDRAM_test/xsasdramcntl.vhd sub00/vhpl15 1185884565
PH test_board_core_pckg NULL C:/Andrzej_Okulicz_Praktykant_2007/EVBfpga_MMfpga12_testy/SDRAM_test/test_board_core.vhd sub00/vhpl16 1185884566
EN memtest NULL C:/Andrzej_Okulicz_Praktykant_2007/EVBfpga_MMfpga12_testy/SDRAM_test/memtest.vhd sub00/vhpl11 1185884561
AR sdramcntl arch C:/Andrzej_Okulicz_Praktykant_2007/EVBfpga_MMfpga12_testy/SDRAM_test/sdramcntl.vhd sub00/vhpl04 1185884554
PH rand NULL C:/Andrzej_Okulicz_Praktykant_2007/EVBfpga_MMfpga12_testy/SDRAM_test/randgen.vhd sub00/vhpl07 1185884557
EN sdramcntl NULL C:/Andrzej_Okulicz_Praktykant_2007/EVBfpga_MMfpga12_testy/SDRAM_test/sdramcntl.vhd sub00/vhpl03 1185884553
EN test_board_core NULL C:/Andrzej_Okulicz_Praktykant_2007/EVBfpga_MMfpga12_testy/SDRAM_test/test_board_core.vhd sub00/vhpl17 1185884567
AR memtest arch C:/Andrzej_Okulicz_Praktykant_2007/EVBfpga_MMfpga12_testy/SDRAM_test/memtest.vhd sub00/vhpl12 1185884562
AR test_board arch C:/Andrzej_Okulicz_Praktykant_2007/EVBfpga_MMfpga12_testy/SDRAM_test/test_board.vhd sub00/vhpl20 1185884570
AR test_board_core arch C:/Andrzej_Okulicz_Praktykant_2007/EVBfpga_MMfpga12_testy/SDRAM_test/test_board_core.vhd sub00/vhpl18 1185884568
PH xsasdram NULL C:/Andrzej_Okulicz_Praktykant_2007/EVBfpga_MMfpga12_testy/SDRAM_test/xsasdramcntl.vhd sub00/vhpl13 1185884563
