V3 43
FL C:/Andrzej_Okulicz_Praktykant_2007/EVBfpga_MMfpga12_testy/SDRAM_test/randgen.vhd 2005/07/11.19:42:08 I.24
PH work/rand 1185884557 \
      FL C:/Andrzej_Okulicz_Praktykant_2007/EVBfpga_MMfpga12_testy/SDRAM_test/randgen.vhd \
      PB ieee/std_logic_1164 1131108373 PB ieee/STD_LOGIC_UNSIGNED 1131108379 \
      PH ieee/NUMERIC_STD 1131108384 PB work/common 1185884551 CD randGen
EN work/randGen 1185884558 \
      FL C:/Andrzej_Okulicz_Praktykant_2007/EVBfpga_MMfpga12_testy/SDRAM_test/randgen.vhd \
      PB ieee/std_logic_1164 1131108373 PB ieee/STD_LOGIC_UNSIGNED 1131108379 \
      PH ieee/NUMERIC_STD 1131108384 PB work/common 1185884551
AR work/randGen/arch 1185884559 \
      FL C:/Andrzej_Okulicz_Praktykant_2007/EVBfpga_MMfpga12_testy/SDRAM_test/randgen.vhd \
      EN work/randGen 1185884558
FL C:/Andrzej_Okulicz_Praktykant_2007/EVBfpga_MMfpga12_testy/SDRAM_test/test_board_core.vhd 2007/07/27.12:12:58 I.24
PH work/test_board_core_pckg 1185884566 \
      FL C:/Andrzej_Okulicz_Praktykant_2007/EVBfpga_MMfpga12_testy/SDRAM_test/test_board_core.vhd \
      PB ieee/std_logic_1164 1131108373 CD test_board_core
EN work/test_board_core 1185884567 \
      FL C:/Andrzej_Okulicz_Praktykant_2007/EVBfpga_MMfpga12_testy/SDRAM_test/test_board_core.vhd \
      PB ieee/std_logic_1164 1131108373 PB ieee/STD_LOGIC_UNSIGNED 1131108379 \
      PH ieee/NUMERIC_STD 1131108384 PB work/common 1185884551 PH work/mem 1185884560 \
      PH work/XSASDRAM 1185884563
AR work/test_board_core/arch 1185884568 \
      FL C:/Andrzej_Okulicz_Praktykant_2007/EVBfpga_MMfpga12_testy/SDRAM_test/test_board_core.vhd \
      EN work/test_board_core 1185884567 CP memTest CP xsaSDRAMCntl
FL C:/Andrzej_Okulicz_Praktykant_2007/EVBfpga_MMfpga12_testy/SDRAM_test/test_board.vhd 2007/07/31.14:22:21 I.24
EN work/test_board 1185884569 \
      FL C:/Andrzej_Okulicz_Praktykant_2007/EVBfpga_MMfpga12_testy/SDRAM_test/test_board.vhd \
      PB ieee/std_logic_1164 1131108373 PH work/test_board_core_pckg 1185884566
AR work/test_board/arch 1185884570 \
      FL C:/Andrzej_Okulicz_Praktykant_2007/EVBfpga_MMfpga12_testy/SDRAM_test/test_board.vhd \
      EN work/test_board 1185884569 CP test_board_core
FL C:/Andrzej_Okulicz_Praktykant_2007/EVBfpga_MMfpga12_testy/SDRAM_test/common.vhd 2005/07/11.19:42:02 I.24
PH work/common 1185884550 \
      FL C:/Andrzej_Okulicz_Praktykant_2007/EVBfpga_MMfpga12_testy/SDRAM_test/common.vhd \
      PB ieee/std_logic_1164 1131108373 PH ieee/NUMERIC_STD 1131108384
PB work/common 1185884551 \
      FL C:/Andrzej_Okulicz_Praktykant_2007/EVBfpga_MMfpga12_testy/SDRAM_test/common.vhd \
      PH work/common 1185884550 PB ieee/std_logic_1164 1131108373 \
      PH ieee/NUMERIC_STD 1131108384
FL C:/Andrzej_Okulicz_Praktykant_2007/EVBfpga_MMfpga12_testy/SDRAM_test/xsasdramcntl.vhd 2007/07/27.10:56:16 I.24
PH work/XSASDRAM 1185884563 \
      FL C:/Andrzej_Okulicz_Praktykant_2007/EVBfpga_MMfpga12_testy/SDRAM_test/xsasdramcntl.vhd \
      LB UNISIM         PB ieee/std_logic_1164 1131108373 PH ieee/NUMERIC_STD 1131108384 \
      PH unisim/VCOMPONENTS 1132092657 PB work/common 1185884551 PH work/sdram 1185884552 \
      CD XSASDRAMCntl
EN work/XSASDRAMCntl 1185884564 \
      FL C:/Andrzej_Okulicz_Praktykant_2007/EVBfpga_MMfpga12_testy/SDRAM_test/xsasdramcntl.vhd \
      LB UNISIM         PB ieee/std_logic_1164 1131108373 PH ieee/NUMERIC_STD 1131108384 \
      PH unisim/VCOMPONENTS 1132092657 PB work/common 1185884551 PH work/sdram 1185884552
AR work/XSASDRAMCntl/arch 1185884565 \
      FL C:/Andrzej_Okulicz_Praktykant_2007/EVBfpga_MMfpga12_testy/SDRAM_test/xsasdramcntl.vhd \
      EN work/XSASDRAMCntl 1185884564 CP CLKDLL CP BUFG      CP SRL16          CP sdramCntl
FL C:/Andrzej_Okulicz_Praktykant_2007/EVBfpga_MMfpga12_testy/SDRAM_test/memtest.vhd 2005/07/11.19:58:42 I.24
PH work/mem 1185884560 \
      FL C:/Andrzej_Okulicz_Praktykant_2007/EVBfpga_MMfpga12_testy/SDRAM_test/memtest.vhd \
      PB ieee/std_logic_1164 1131108373 CD memTest
EN work/memTest 1185884561 \
      FL C:/Andrzej_Okulicz_Praktykant_2007/EVBfpga_MMfpga12_testy/SDRAM_test/memtest.vhd \
      PB ieee/std_logic_1164 1131108373 PB ieee/STD_LOGIC_UNSIGNED 1131108379 \
      PH ieee/NUMERIC_STD 1131108384 PB work/common 1185884551 PH work/rand 1185884557
AR work/memTest/arch 1185884562 \
      FL C:/Andrzej_Okulicz_Praktykant_2007/EVBfpga_MMfpga12_testy/SDRAM_test/memtest.vhd \
      EN work/memTest 1185884561 CP randGen
FL C:/Andrzej_Okulicz_Praktykant_2007/EVBfpga_MMfpga12_testy/SDRAM_test/sdramcntl.vhd 2005/07/12.09:03:36 I.24
PH work/sdram 1185884552 \
      FL C:/Andrzej_Okulicz_Praktykant_2007/EVBfpga_MMfpga12_testy/SDRAM_test/sdramcntl.vhd \
      LB UNISIM         PB ieee/std_logic_1164 1131108373 CD sdramCntl CD dualport
EN work/sdramCntl 1185884553 \
      FL C:/Andrzej_Okulicz_Praktykant_2007/EVBfpga_MMfpga12_testy/SDRAM_test/sdramcntl.vhd \
      LB UNISIM         PB ieee/std_logic_1164 1131108373 \
      PB ieee/STD_LOGIC_UNSIGNED 1131108379 PH ieee/NUMERIC_STD 1131108384 \
      PB work/common 1185884551
AR work/sdramCntl/arch 1185884554 \
      FL C:/Andrzej_Okulicz_Praktykant_2007/EVBfpga_MMfpga12_testy/SDRAM_test/sdramcntl.vhd \
      EN work/sdramCntl 1185884553
EN work/dualport 1185884555 \
      FL C:/Andrzej_Okulicz_Praktykant_2007/EVBfpga_MMfpga12_testy/SDRAM_test/sdramcntl.vhd \
      LB UNISIM         PB ieee/std_logic_1164 1131108373 \
      PB ieee/STD_LOGIC_UNSIGNED 1131108379 PH ieee/NUMERIC_STD 1131108384 \
      PB work/common 1185884551
AR work/dualport/arch 1185884556 \
      FL C:/Andrzej_Okulicz_Praktykant_2007/EVBfpga_MMfpga12_testy/SDRAM_test/sdramcntl.vhd \
      EN work/dualport 1185884555
